// Jest Snapshot v1, https://goo.gl/fbAQLP

exports[`countdowndisplay renders correctly with countdown-0 start-false speed-1 pause-false 1`] = `
<View
  style={
    Object {
      "alignItems": "center",
      "fontSize": 18,
      "justifyContent": "center",
      "marginBottom": 10,
      "marginTop": 30,
    }
  }
>
  <View
    blinking={true}
    delay={500}
    element={[Function]}
    style={
      Object {
        "opacity": 0,
      }
    }
  >
    <Text
      style={
        Object {
          "color": "red",
          "fontSize": 18,
          "fontWeight": "700",
        }
      }
    >
      
    </Text>
  </View>
  <Text
    style={
      Object {
        "fontSize": 90,
        "fontWeight": "700",
        "margin": "12px",
        "textAlignVertical": "center",
      }
    }
  >
    00:00
  </Text>
  <br />
  <Text />
</View>
`;

exports[`countdowndisplay renders correctly with countdown-1 start-false speed-1 pause-false 1`] = `
<View
  style={
    Object {
      "alignItems": "center",
      "fontSize": 18,
      "justifyContent": "center",
      "marginBottom": 10,
      "marginTop": 30,
    }
  }
>
  <View
    blinking={true}
    delay={500}
    element={[Function]}
    style={
      Object {
        "opacity": 0,
      }
    }
  >
    <Text
      style={
        Object {
          "color": "red",
          "fontSize": 18,
          "fontWeight": "700",
        }
      }
    >
      
    </Text>
  </View>
  <Text
    style={
      Object {
        "fontSize": 90,
        "fontWeight": "700",
        "margin": "12px",
        "textAlignVertical": "center",
      }
    }
  >
    00:00
  </Text>
  <br />
  <Text />
</View>
`;

exports[`countdowndisplay renders correctly with countdown-1 start-true speed-1 pause-false 1`] = `
<View
  style={
    Object {
      "alignItems": "center",
      "fontSize": 18,
      "justifyContent": "center",
      "marginBottom": 10,
      "marginTop": 30,
    }
  }
>
  <View
    blinking={true}
    delay={500}
    element={[Function]}
    style={
      Object {
        "opacity": 0,
      }
    }
  >
    <Text
      style={
        Object {
          "color": "red",
          "fontSize": 18,
          "fontWeight": "700",
        }
      }
    >
      
    </Text>
  </View>
  <Text
    style={
      Object {
        "fontSize": 90,
        "fontWeight": "700",
        "margin": "12px",
        "textAlignVertical": "center",
      }
    }
  >
    00:00
  </Text>
  <br />
  <Text />
</View>
`;

exports[`countdowndisplay renders correctly with countdown-1 start-true speed-1 pause-true 1`] = `
<View
  style={
    Object {
      "alignItems": "center",
      "fontSize": 18,
      "justifyContent": "center",
      "marginBottom": 10,
      "marginTop": 30,
    }
  }
>
  <View
    blinking={true}
    delay={500}
    element={[Function]}
    style={
      Object {
        "opacity": 0,
      }
    }
  >
    <Text
      style={
        Object {
          "color": "red",
          "fontSize": 18,
          "fontWeight": "700",
        }
      }
    >
      
    </Text>
  </View>
  <Text
    style={
      Object {
        "fontSize": 90,
        "fontWeight": "700",
        "margin": "12px",
        "textAlignVertical": "center",
      }
    }
  >
    00:00
  </Text>
  <br />
  <Text />
</View>
`;

exports[`countdowndisplay renders correctly with countdown-1 start-true speed-1.5 pause-false 1`] = `
<View
  style={
    Object {
      "alignItems": "center",
      "fontSize": 18,
      "justifyContent": "center",
      "marginBottom": 10,
      "marginTop": 30,
    }
  }
>
  <View
    blinking={true}
    delay={500}
    element={[Function]}
    style={
      Object {
        "opacity": 0,
      }
    }
  >
    <Text
      style={
        Object {
          "color": "red",
          "fontSize": 18,
          "fontWeight": "700",
        }
      }
    >
      
    </Text>
  </View>
  <Text
    style={
      Object {
        "fontSize": 90,
        "fontWeight": "700",
        "margin": "12px",
        "textAlignVertical": "center",
      }
    }
  >
    00:00
  </Text>
  <br />
  <Text />
</View>
`;

exports[`countdowndisplay renders correctly with countdown-1 start-true speed-2 pause-false 1`] = `
<View
  style={
    Object {
      "alignItems": "center",
      "fontSize": 18,
      "justifyContent": "center",
      "marginBottom": 10,
      "marginTop": 30,
    }
  }
>
  <View
    blinking={true}
    delay={500}
    element={[Function]}
    style={
      Object {
        "opacity": 0,
      }
    }
  >
    <Text
      style={
        Object {
          "color": "red",
          "fontSize": 18,
          "fontWeight": "700",
        }
      }
    >
      
    </Text>
  </View>
  <Text
    style={
      Object {
        "fontSize": 90,
        "fontWeight": "700",
        "margin": "12px",
        "textAlignVertical": "center",
      }
    }
  >
    00:00
  </Text>
  <br />
  <Text />
</View>
`;
